### 2026-09-29 07:28:20 ###
Bringing machine 'elasticsearch-host' up with 'virtualbox' provider...
Bringing machine 'monitoring-grafana' up with 'virtualbox' provider...
Bringing machine 'monitoring-prometheus' up with 'virtualbox' provider...
==> elasticsearch-host: Cloning VM...
[K==> elasticsearch-host: Matching MAC address for NAT networking...
==> elasticsearch-host: Checking if box 'generic/rocky9' version '4.3.12' is up to date...
==> elasticsearch-host: Setting the name of the VM: vagrant_elasticsearch-host_1790666911699_75895
==> elasticsearch-host: Clearing any previously set network interfaces...
==> elasticsearch-host: Preparing network interfaces based on configuration...
    elasticsearch-host: Adapter 1: nat
    elasticsearch-host: Adapter 2: hostonly
==> elasticsearch-host: Forwarding ports...
    elasticsearch-host: 22 (guest) => 2222 (host) (adapter 1)
==> elasticsearch-host: Running 'pre-boot' VM customizations...
==> elasticsearch-host: Booting VM...
==> elasticsearch-host: Waiting for machine to boot. This may take a few minutes...
    elasticsearch-host: SSH address: 127.0.0.1:2222
    elasticsearch-host: SSH username: vagrant
    elasticsearch-host: SSH auth method: private key
    elasticsearch-host: 
    elasticsearch-host: Vagrant insecure key detected. Vagrant will automatically replace
    elasticsearch-host: this with a newly generated keypair for better security.
    elasticsearch-host: 
    elasticsearch-host: Inserting generated public key within guest...
    elasticsearch-host: Removing insecure key from the guest if it's present...
    elasticsearch-host: Key inserted! Disconnecting and reconnecting using new SSH key...
==> elasticsearch-host: Machine booted and ready!
==> elasticsearch-host: Checking for guest additions in VM...
    elasticsearch-host: The guest additions on this VM do not match the installed version of
    elasticsearch-host: VirtualBox! In most cases this is fine, but in rare cases it can
    elasticsearch-host: prevent things such as shared folders from working properly. If you see
    elasticsearch-host: shared folder errors, please make sure the guest additions within the
    elasticsearch-host: virtual machine match the version of VirtualBox you have installed on
    elasticsearch-host: your host and reload your VM.
    elasticsearch-host: 
    elasticsearch-host: Guest Additions Version: 6.1.48
    elasticsearch-host: VirtualBox Version: 7.2
==> elasticsearch-host: Setting hostname...
==> elasticsearch-host: Configuring and enabling network interfaces...
==> elasticsearch-host: Machine not provisioned because `--no-provision` is specified.
==> monitoring-grafana: Cloning VM...
[K==> monitoring-grafana: Matching MAC address for NAT networking...
==> monitoring-grafana: Checking if box 'generic/rocky9' version '4.3.12' is up to date...
==> monitoring-grafana: Setting the name of the VM: vagrant_monitoring-grafana_1790666960730_39002
==> monitoring-grafana: Fixed port collision for 22 => 2222. Now on port 2200.
==> monitoring-grafana: Clearing any previously set network interfaces...
==> monitoring-grafana: Preparing network interfaces based on configuration...
    monitoring-grafana: Adapter 1: nat
    monitoring-grafana: Adapter 2: hostonly
==> monitoring-grafana: Forwarding ports...
    monitoring-grafana: 22 (guest) => 2200 (host) (adapter 1)
==> monitoring-grafana: Running 'pre-boot' VM customizations...
==> monitoring-grafana: Booting VM...
==> monitoring-grafana: Waiting for machine to boot. This may take a few minutes...
    monitoring-grafana: SSH address: 127.0.0.1:2200
    monitoring-grafana: SSH username: vagrant
    monitoring-grafana: SSH auth method: private key
    monitoring-grafana: 
    monitoring-grafana: Vagrant insecure key detected. Vagrant will automatically replace
    monitoring-grafana: this with a newly generated keypair for better security.
    monitoring-grafana: 
    monitoring-grafana: Inserting generated public key within guest...
    monitoring-grafana: Removing insecure key from the guest if it's present...
    monitoring-grafana: Key inserted! Disconnecting and reconnecting using new SSH key...
==> monitoring-grafana: Machine booted and ready!
==> monitoring-grafana: Checking for guest additions in VM...
    monitoring-grafana: The guest additions on this VM do not match the installed version of
    monitoring-grafana: VirtualBox! In most cases this is fine, but in rare cases it can
    monitoring-grafana: prevent things such as shared folders from working properly. If you see
    monitoring-grafana: shared folder errors, please make sure the guest additions within the
    monitoring-grafana: virtual machine match the version of VirtualBox you have installed on
    monitoring-grafana: your host and reload your VM.
    monitoring-grafana: 
    monitoring-grafana: Guest Additions Version: 6.1.48
    monitoring-grafana: VirtualBox Version: 7.2
==> monitoring-grafana: Setting hostname...
==> monitoring-grafana: Configuring and enabling network interfaces...
==> monitoring-grafana: Machine not provisioned because `--no-provision` is specified.
==> monitoring-prometheus: Cloning VM...
[K==> monitoring-prometheus: Matching MAC address for NAT networking...
==> monitoring-prometheus: Checking if box 'generic/rocky9' version '4.3.12' is up to date...
==> monitoring-prometheus: Setting the name of the VM: vagrant_monitoring-prometheus_1790667009376_93073
==> monitoring-prometheus: Fixed port collision for 22 => 2222. Now on port 2201.
==> monitoring-prometheus: Clearing any previously set network interfaces...
==> monitoring-prometheus: Preparing network interfaces based on configuration...
    monitoring-prometheus: Adapter 1: nat
    monitoring-prometheus: Adapter 2: hostonly
==> monitoring-prometheus: Forwarding ports...
    monitoring-prometheus: 22 (guest) => 2201 (host) (adapter 1)
==> monitoring-prometheus: Running 'pre-boot' VM customizations...
==> monitoring-prometheus: Booting VM...
==> monitoring-prometheus: Waiting for machine to boot. This may take a few minutes...
    monitoring-prometheus: SSH address: 127.0.0.1:2201
    monitoring-prometheus: SSH username: vagrant
    monitoring-prometheus: SSH auth method: private key
    monitoring-prometheus: 
    monitoring-prometheus: Vagrant insecure key detected. Vagrant will automatically replace
    monitoring-prometheus: this with a newly generated keypair for better security.
    monitoring-prometheus: 
    monitoring-prometheus: Inserting generated public key within guest...
    monitoring-prometheus: Removing insecure key from the guest if it's present...
    monitoring-prometheus: Key inserted! Disconnecting and reconnecting using new SSH key...
==> monitoring-prometheus: Machine booted and ready!
==> monitoring-prometheus: Checking for guest additions in VM...
    monitoring-prometheus: The guest additions on this VM do not match the installed version of
    monitoring-prometheus: VirtualBox! In most cases this is fine, but in rare cases it can
    monitoring-prometheus: prevent things such as shared folders from working properly. If you see
    monitoring-prometheus: shared folder errors, please make sure the guest additions within the
    monitoring-prometheus: virtual machine match the version of VirtualBox you have installed on
    monitoring-prometheus: your host and reload your VM.
    monitoring-prometheus: 
    monitoring-prometheus: Guest Additions Version: 6.1.48
    monitoring-prometheus: VirtualBox Version: 7.2
==> monitoring-prometheus: Setting hostname...
==> monitoring-prometheus: Configuring and enabling network interfaces...
==> monitoring-prometheus: Machine not provisioned because `--no-provision` is specified.
